[      0s] window 2024-01-01 -> 2025-12-31; last completed session 2026-10-02
[      1s] 119 tags
atlas placebo: 300 events -> 276 priced (event, bucket) pairs; 24 drops
[     35s] placebo done
Traceback (most recent call last):
  File "/Users/theomachado/gatorquant/research/.venv/lib/python3.12/site-packages/pandas/core/indexes/base.py", line 3641, in get_loc
    return self._engine.get_loc(casted_key)
           ^^^^^^^^^^^^^^^^^^^^^^^^^^^^^^^^
  File "pandas/_libs/index.pyx", line 168, in pandas._libs.index.IndexEngine.get_loc
  File "pandas/_libs/index.pyx", line 197, in pandas._libs.index.IndexEngine.get_loc
  File "pandas/_libs/hashtable_class_helper.pxi", line 7668, in pandas._libs.hashtable.PyObjectHashTable.get_item
  File "pandas/_libs/hashtable_class_helper.pxi", line 7676, in pandas._libs.hashtable.PyObjectHashTable.get_item
KeyError: 'tickers'

The above exception was the direct cause of the following exception:

Traceback (most recent call last):
  File "/Users/theomachado/gatorquant/research/export_atlas.py", line 60, in <module>
    part = run_atlas(client, cal, cfg, [tag], start, end, last, pl_res,
           ^^^^^^^^^^^^^^^^^^^^^^^^^^^^^^^^^^^^^^^^^^^^^^^^^^^^^^^^^^^^
  File "/Users/theomachado/gatorquant/research/polybridge_research/atlas.py", line 27, in run_atlas
    ev = build_tag_events(client, tag, start, end, cfg.universe, cal)
         ^^^^^^^^^^^^^^^^^^^^^^^^^^^^^^^^^^^^^^^^^^^^^^^^^^^^^^^^^^^^
  File "/Users/theomachado/gatorquant/research/polybridge_research/events.py", line 72, in build_tag_events
    ex = _in_universe(raw, universe)
         ^^^^^^^^^^^^^^^^^^^^^^^^^^^
  File "/Users/theomachado/gatorquant/research/polybridge_research/events.py", line 24, in _in_universe
    ex = raw.explode("tickers").rename(columns={"tickers": "ticker"})
         ^^^^^^^^^^^^^^^^^^^^^^
  File "/Users/theomachado/gatorquant/research/.venv/lib/python3.12/site-packages/pandas/core/frame.py", line 11494, in explode
    result = df[columns[0]].explode()
             ~~^^^^^^^^^^^^
  File "/Users/theomachado/gatorquant/research/.venv/lib/python3.12/site-packages/pandas/core/frame.py", line 4378, in __getitem__
    indexer = self.columns.get_loc(key)
              ^^^^^^^^^^^^^^^^^^^^^^^^^
  File "/Users/theomachado/gatorquant/research/.venv/lib/python3.12/site-packages/pandas/core/indexes/base.py", line 3648, in get_loc
    raise KeyError(key) from err
KeyError: 'tickers'
