# precompute_fits run 2026-10-03T11:22:21+00:00 -> 2026-10-03T11:22:50+00:00
# library=engine can_score=True provider=rules offline=False shares=1000 fit_timeout=60s jobs=133

      polymarket:5126779 VRT    tech_regulation    equity_delta_bridge    preset=63   scored=True  ticks=live_history:91 vs_static=+0.021 raw=0.441 h=0.24
      polymarket:4662693 AMZN   company_specific   tech_reg_hedge         preset=63   scored=True  ticks=live_history:374 vs_static=+0.001 raw=0.119 h=0.06
       polymarket:562831 ICLN   elections          equity_delta_bridge    preset=87   scored=True  ticks=live_history:721 vs_static=+0.010 raw=0.202 h=0.10
      polymarket:2589813 SPY    macro_fed          equity_delta_bridge    preset=15   scored=True  ticks=live_history:721 vs_static=-0.004 raw=0.192 h=0.10
       polymarket:562828 ICLN   elections          election_hedge         preset=59   scored=True  ticks=live_history:720 vs_static=+0.034 raw=0.497 h=0.28
       polymarket:665374 XLE    geopolitics_energy equity_delta_bridge    preset=0    scored=True  ticks=live_history:721 vs_static=-0.002 raw=0.375 h=0.21
       polymarket:562802 ICLN   elections          equity_delta_bridge    preset=82   scored=True  ticks=live_history:721 vs_static=+0.005 raw=0.193 h=0.10
      polymarket:5179198 VRT    tech_regulation    tech_reg_hedge         preset=72   scored=True  ticks=live_history:44 vs_static=+0.100 raw=0.689 h=0.41
      polymarket:5170735 IBIT   crypto             equity_delta_bridge    preset=87   scored=True  ticks=live_history:54 vs_static=+0.057 raw=0.372 h=0.18
      polymarket:1365861 EWZ    elections          equity_delta_bridge    preset=18   scored=True  ticks=live_history:721 vs_static=+0.004 raw=0.085 h=0.04
      polymarket:4037599 EWZ    elections          election_hedge         preset=21   scored=True  ticks=live_history:717 vs_static=-0.002 raw=0.241 h=0.13
       polymarket:562803 XLE    elections          election_hedge         preset=24   scored=True  ticks=live_history:717 vs_static=-0.002 raw=0.347 h=0.19
      polymarket:4985048 IBIT   crypto             equity_delta_bridge    preset=83   scored=True  ticks=live_history:163 vs_static=+0.003 raw=0.019 h=0.01
      polymarket:4985052 IBIT   crypto             equity_delta_bridge    preset=90   scored=True  ticks=live_history:164 vs_static=+0.009 raw=0.039 h=0.02
      polymarket:2589810 IWM    macro_fed          equity_delta_bridge    preset=0    scored=True  ticks=live_history:719 vs_static=-0.038 raw=0.412 h=0.25
      polymarket:5126782 VRT    tech_regulation    tech_reg_hedge         preset=69   scored=True  ticks=live_history:92 vs_static=+0.033 raw=0.551 h=0.32
      polymarket:4037600 EWZ    elections          election_hedge         preset=23   scored=True  ticks=live_history:721 vs_static=-0.001 raw=0.250 h=0.13
      polymarket:5062249 IBIT   crypto             equity_delta_bridge    preset=9    scored=True  ticks=live_history:127 vs_static=-0.060 raw=0.357 h=0.22
      polymarket:2589814 SPY    macro_fed          fig_stress             preset=6    scored=True  ticks=live_history:718 vs_static=+0.006 raw=0.080 h=0.04
      polymarket:5123857 VRT    tech_regulation    equity_delta_bridge    preset=30   scored=True  ticks=live_history:93 vs_static=+0.014 raw=0.479 h=0.27
      polymarket:2176270 XLE    geopolitics_energy equity_delta_bridge    preset=105  scored=True  ticks=live_history:720 vs_static=+0.005 raw=0.437 h=0.25
      polymarket:5164765 XLE    geopolitics_energy equity_delta_bridge    preset=18   scored=True  ticks=live_history:61 vs_static=-0.010 raw=0.283 h=0.16
      polymarket:2589811 SPY    macro_fed          macro_fed_hedge        preset=0    scored=True  ticks=live_history:721 vs_static=-0.013 raw=0.414 h=0.24
      polymarket:4985072 IBIT   crypto             equity_delta_bridge    preset=52   scored=True  ticks=live_history:164 vs_static=+0.087 raw=0.432 h=0.21
      polymarket:5062265 IBIT   crypto             crypto_reg_hedge       preset=2    scored=True  ticks=live_history:128 vs_static=-0.009 raw=0.203 h=0.11
      polymarket:5126781 VRT    tech_regulation    tech_reg_hedge         preset=69   scored=True  ticks=live_history:91 vs_static=+0.025 raw=0.422 h=0.23
      polymarket:5062275 COIN   crypto             crypto_reg_hedge       preset=1    scored=True  ticks=live_history:127 vs_static=-0.002 raw=0.096 h=0.05
      polymarket:5179177 VRT    tech_regulation    tech_reg_hedge         preset=78   scored=True  ticks=live_history:44 vs_static=+0.087 raw=0.672 h=0.40
      polymarket:5180113 IBIT   crypto             crypto_reg_hedge       preset=7    scored=True  ticks=live_history:44 vs_static=+0.134 raw=0.444 h=0.20
      polymarket:5126778 VRT    tech_regulation    tech_reg_hedge         preset=69   scored=True  ticks=live_history:91 vs_static=+0.022 raw=0.465 h=0.26
      polymarket:3215007 IWM    macro_fed          macro_fed_hedge        preset=54   scored=True  ticks=live_history:721 vs_static=+0.036 raw=0.468 h=0.26
      polymarket:5062278 COIN   crypto             crypto_reg_hedge       preset=11   scored=True  ticks=live_history:127 vs_static=+0.003 raw=0.096 h=0.05
      polymarket:5081860 XLE    unsupported        -                      preset=-    scored=False ticks=live_history:115
      polymarket:4662694 AMZN   company_specific   tech_reg_hedge         preset=3    scored=True  ticks=live_history:374 vs_static=-0.000 raw=0.059 h=0.03
      polymarket:4662696 SMR    corporate_8k       equity_delta_bridge    preset=0    scored=True  ticks=live_history:373 vs_static=-0.004 raw=0.032 h=0.02
      polymarket:4906127 XLE    company_specific   equity_delta_bridge    preset=24   scored=True  ticks=live_history:215 vs_static=+0.004 raw=0.044 h=0.02
       polymarket:567621 TSM    geopolitics_energy equity_delta_bridge    preset=0    scored=True  ticks=live_history:721 vs_static=-0.000 raw=0.020 h=0.01
      polymarket:4641065 XLE    geopolitics_energy equity_delta_bridge    preset=101  scored=True  ticks=live_history:379 vs_static=+0.066 raw=0.827 h=0.57
      polymarket:1107582 XLE    geopolitics_energy equity_delta_bridge    preset=9    scored=True  ticks=live_history:720 vs_static=-0.002 raw=0.380 h=0.21
      polymarket:4985083 COIN   crypto             equity_delta_bridge    preset=45   scored=True  ticks=live_history:163 vs_static=+0.131 raw=0.602 h=0.32
       polymarket:666861 SPY    elections          equity_delta_bridge    preset=0    scored=True  ticks=live_history:721 vs_static=-0.000 raw=0.027 h=0.01
      polymarket:4985077 COIN   crypto             crypto_reg_hedge       preset=23   scored=True  ticks=live_history:163 vs_static=+0.097 raw=0.498 h=0.25
      polymarket:4985067 COIN   crypto             equity_delta_bridge    preset=87   scored=True  ticks=live_history:164 vs_static=+0.069 raw=0.405 h=0.20
      polymarket:5062327 COIN   crypto             crypto_reg_hedge       preset=11   scored=True  ticks=live_history:127 vs_static=-0.003 raw=0.141 h=0.07
      polymarket:3554657 GOOGL  company_specific   equity_delta_bridge    preset=69   scored=True  ticks=live_history:721 vs_static=+0.043 raw=0.751 h=0.49
      polymarket:5170731 COIN   crypto             equity_delta_bridge    preset=75   scored=True  ticks=live_history:54 vs_static=+0.078 raw=0.818 h=0.56
      polymarket:4662584 MSFT   company_specific   tech_reg_hedge         preset=54   scored=True  ticks=live_history:373 vs_static=+0.005 raw=0.140 h=0.07
      polymarket:1535973 XLE    geopolitics_energy equity_delta_bridge    preset=89   scored=True  ticks=live_history:717 vs_static=+0.010 raw=0.269 h=0.14
      polymarket:5179176 EQIX   tech_regulation    tech_reg_hedge         preset=9    scored=True  ticks=live_history:44 vs_static=-0.027 raw=0.162 h=0.10
      polymarket:2126461 XLE    geopolitics_energy equity_delta_bridge    preset=5    scored=True  ticks=live_history:720 vs_static=-0.001 raw=0.386 h=0.22
      polymarket:2170255 XLE    unsupported        -                      preset=-    scored=False ticks=live_history:719
      polymarket:3399459 XLE    geopolitics_energy equity_delta_bridge    preset=18   scored=True  ticks=live_history:717 vs_static=-0.002 raw=0.331 h=0.18
      polymarket:5170746 COIN   crypto             equity_delta_bridge    preset=93   scored=True  ticks=live_history:54 vs_static=+0.003 raw=0.048 h=0.02
      polymarket:3128888 XLE    company_specific   tech_reg_hedge         preset=68   scored=True  ticks=live_history:720 vs_static=+0.007 raw=0.575 h=0.35
       polymarket:663583 XLE    unsupported        -                      preset=-    scored=False ticks=live_history:717
      polymarket:4824013 VLO    tariffs_trade      equity_delta_bridge    preset=90   scored=True  ticks=live_history:278 vs_static=+0.073 raw=0.314 h=0.14
       polymarket:560317 SPY    elections          election_hedge         preset=18   scored=True  ticks=live_history:721 vs_static=-0.011 raw=0.390 h=0.22
      polymarket:3491459 XLE    geopolitics_energy equity_delta_bridge    preset=66   scored=True  ticks=live_history:721 vs_static=+0.003 raw=0.049 h=0.02
      polymarket:4620900 TLT    macro_fed          equity_delta_bridge    preset=75   scored=True  ticks=live_history:401 vs_static=+0.257 raw=0.748 h=0.42
      polymarket:3215008 TLT    macro_fed          fig_stress             preset=78   scored=True  ticks=live_history:720 vs_static=+0.033 raw=0.633 h=0.38
      polymarket:3554666 TSLA   unsupported        -                      preset=-    scored=False ticks=live_history:721
      polymarket:3554659 GOOGL  company_specific   equity_delta_bridge    preset=42   scored=True  ticks=live_history:721 vs_static=+0.079 raw=0.654 h=0.39
       polymarket:562829 SPY    elections          equity_delta_bridge    preset=54   scored=True  ticks=live_history:721 vs_static=+0.002 raw=0.017 h=0.01
      polymarket:5130978 XLE    geopolitics_energy stress_lead_hedge      preset=33   scored=True  ticks=live_history:91 vs_static=+0.068 raw=0.748 h=0.48
      polymarket:5062258 COIN   crypto             crypto_reg_hedge       preset=2    scored=True  ticks=live_history:128 vs_static=-0.027 raw=0.378 h=0.22
      polymarket:5170771 COIN   crypto             crypto_reg_hedge       preset=41   scored=True  ticks=live_history:54 vs_static=+0.073 raw=0.662 h=0.40
      polymarket:4985100 COIN   crypto             equity_delta_bridge    preset=27   scored=True  ticks=live_history:164 vs_static=+0.139 raw=0.647 h=0.36
       polymarket:701494 COIN   crypto             equity_delta_bridge    preset=0    scored=True  ticks=live_history:720 vs_static=-0.020 raw=0.384 h=0.22
      polymarket:5130977 XLE    geopolitics_energy stress_lead_hedge      preset=30   scored=True  ticks=live_history:91 vs_static=+0.060 raw=0.799 h=0.54
      polymarket:5123850 AEP    tech_regulation    tech_reg_hedge         preset=15   scored=True  ticks=live_history:94 vs_static=+0.002 raw=0.212 h=0.11
      polymarket:5170773 ETHA   crypto             crypto_reg_hedge       preset=41   scored=True  ticks=live_history:55 vs_static=+0.042 raw=0.271 h=0.13
      polymarket:4985089 IBIT   crypto             crypto_reg_hedge       preset=19   scored=True  ticks=live_history:163 vs_static=+0.118 raw=0.576 h=0.31
      polymarket:3758964 XLE    unsupported        -                      preset=-    scored=False ticks=live_history:717
      polymarket:5062280 IBIT   crypto             equity_delta_bridge    preset=102  scored=True  ticks=live_history:127 vs_static=+0.004 raw=0.141 h=0.07
      polymarket:5062325 ETHA   crypto             crypto_reg_hedge       preset=1    scored=True  ticks=live_history:127 vs_static=-0.021 raw=0.126 h=0.07
      polymarket:5170730 IBIT   crypto             equity_delta_bridge    preset=72   scored=True  ticks=live_history:55 vs_static=+0.189 raw=0.858 h=0.58
       polymarket:701502 IBIT   crypto             equity_delta_bridge    preset=93   scored=True  ticks=live_history:717 vs_static=+0.005 raw=0.124 h=0.06
       polymarket:701496 IBIT   crypto             crypto_reg_hedge       preset=13   scored=True  ticks=live_history:720 vs_static=+0.034 raw=0.781 h=0.52
      polymarket:5126792 AEE    tech_regulation    equity_delta_bridge    preset=84   scored=True  ticks=live_history:92 vs_static=+0.070 raw=0.568 h=0.32
      polymarket:5126795 ETR    tech_regulation    tech_reg_hedge         preset=54   scored=True  ticks=live_history:91 vs_static=+0.034 raw=0.324 h=0.16
       polymarket:559651 FXI    unsupported        -                      preset=-    scored=False ticks=live_history:720
      polymarket:5170728 IBIT   crypto             equity_delta_bridge    preset=63   scored=True  ticks=live_history:54 vs_static=+0.204 raw=0.886 h=0.62
      polymarket:4984993 ETHA   crypto             crypto_reg_hedge       preset=38   scored=True  ticks=live_history:163 vs_static=+0.067 raw=0.514 h=0.28
      polymarket:5170740 IBIT   crypto             equity_delta_bridge    preset=102  scored=True  ticks=live_history:54 vs_static=+0.087 raw=0.425 h=0.21
      polymarket:4936105 XLE    geopolitics_energy equity_delta_bridge    preset=25   scored=True  ticks=live_history:200 vs_static=-0.005 raw=0.156 h=0.08
      polymarket:3501950 XLE    geopolitics_energy equity_delta_bridge    preset=72   scored=True  ticks=live_history:717 vs_static=+0.003 raw=0.136 h=0.07
      polymarket:5180122 ETHA   crypto             crypto_reg_hedge       preset=56   scored=True  ticks=live_history:44 vs_static=+0.153 raw=0.656 h=0.36
       polymarket:701548 ETHA   crypto             equity_delta_bridge    preset=77   scored=True  ticks=live_history:717 vs_static=+0.030 raw=0.870 h=0.63
      polymarket:5170744 IBIT   crypto             equity_delta_bridge    preset=81   scored=True  ticks=live_history:54 vs_static=+0.012 raw=0.080 h=0.04
      polymarket:5170772 ETHA   crypto             equity_delta_bridge    preset=18   scored=True  ticks=live_history:54 vs_static=+0.011 raw=0.164 h=0.08
      polymarket:5062323 ETHA   crypto             crypto_reg_hedge       preset=1    scored=True  ticks=live_history:128 vs_static=-0.058 raw=0.260 h=0.16
      polymarket:1163699 COIN   unsupported        -                      preset=-    scored=False ticks=live_history:717
      polymarket:5036103 IBIT   crypto             crypto_reg_hedge       preset=29   scored=True  ticks=live_history:139 vs_static=+0.014 raw=0.156 h=0.07
      polymarket:5036098 IBIT   crypto             crypto_reg_hedge       preset=74   scored=True  ticks=live_history:139 vs_static=+0.032 raw=0.274 h=0.13
      polymarket:4713962 ITA    geopolitics_energy energy_geo_hedge       preset=54   scored=True  ticks=live_history:347 vs_static=+0.508 raw=0.956 h=0.70
      polymarket:4985057 IBIT   crypto             equity_delta_bridge    preset=72   scored=True  ticks=live_history:164 vs_static=+0.019 raw=0.078 h=0.03
      polymarket:5170732 IBIT   crypto             crypto_reg_hedge       preset=40   scored=True  ticks=live_history:54 vs_static=+0.216 raw=0.895 h=0.63
      polymarket:4951230 XLE    geopolitics_energy equity_delta_bridge    preset=6    scored=True  ticks=live_history:186 vs_static=-0.003 raw=0.224 h=0.12
      polymarket:4662695 AMZN   company_specific   tech_reg_hedge         preset=3    scored=True  ticks=live_history:373 vs_static=-0.000 raw=0.092 h=0.05
      polymarket:2774057 XLE    geopolitics_energy equity_delta_bridge    preset=85   scored=True  ticks=live_history:720 vs_static=+0.003 raw=0.039 h=0.02
       polymarket:562794 XLE    elections          equity_delta_bridge    preset=18   scored=True  ticks=live_history:718 vs_static=-0.001 raw=0.235 h=0.13
      polymarket:5170734 MSTR   crypto             equity_delta_bridge    preset=15   scored=True  ticks=live_history:54 vs_static=+0.005 raw=0.194 h=0.10
      polymarket:1090496 ITA    geopolitics_energy equity_delta_bridge    preset=33   scored=True  ticks=live_history:721 vs_static=+0.003 raw=0.609 h=0.37
      polymarket:5170745 MSTR   crypto             equity_delta_bridge    preset=0    scored=True  ticks=live_history:55 vs_static=+0.001 raw=0.017 h=0.01
      polymarket:4885967 XLE    geopolitics_energy equity_delta_bridge    preset=15   scored=True  ticks=live_history:233 vs_static=+0.005 raw=0.084 h=0.04
      polymarket:5170743 MSTR   crypto             equity_delta_bridge    preset=84   scored=True  ticks=live_history:54 vs_static=+0.005 raw=0.101 h=0.05
      polymarket:4936100 XLE    geopolitics_energy equity_delta_bridge    preset=12   scored=True  ticks=live_history:199 vs_static=+0.001 raw=0.243 h=0.13
      polymarket:3554662 GOOGL  company_specific   tech_reg_hedge         preset=6    scored=True  ticks=live_history:720 vs_static=-0.002 raw=0.095 h=0.05
      polymarket:2467206 MSTR   crypto             crypto_reg_hedge       preset=4    scored=True  ticks=live_history:719 vs_static=+0.018 raw=0.516 h=0.30
      polymarket:5126794 DLR    tech_regulation    tech_reg_hedge         preset=57   scored=True  ticks=live_history:91 vs_static=+0.005 raw=0.180 h=0.09
      polymarket:5062329 COIN   crypto             equity_delta_bridge    preset=9    scored=True  ticks=live_history:128 vs_static=+0.000 raw=0.070 h=0.04
      polymarket:3554658 META   company_specific   tech_reg_hedge         preset=18   scored=True  ticks=live_history:718 vs_static=-0.014 raw=0.424 h=0.25
       polymarket:701488 MSTR   crypto             equity_delta_bridge    preset=0    scored=True  ticks=live_history:719 vs_static=-0.023 raw=0.420 h=0.25
      polymarket:4412200 MSFT   company_specific   tech_reg_hedge         preset=69   scored=True  ticks=live_history:572 vs_static=+0.059 raw=0.785 h=0.52
      polymarket:3399450 XLE    geopolitics_energy equity_delta_bridge    preset=84   scored=True  ticks=live_history:720 vs_static=+0.006 raw=0.109 h=0.05
      polymarket:5170729 MSTR   crypto             crypto_reg_hedge       preset=2    scored=True  ticks=live_history:54 vs_static=-0.006 raw=0.185 h=0.10
      polymarket:1345531 MSTR   crypto             crypto_reg_hedge       preset=8    scored=True  ticks=live_history:719 vs_static=+0.019 raw=0.345 h=0.18
      polymarket:3399468 XLE    geopolitics_energy equity_delta_bridge    preset=15   scored=True  ticks=live_history:718 vs_static=-0.001 raw=0.284 h=0.15
      polymarket:5062285 MSTR   crypto             crypto_reg_hedge       preset=25   scored=True  ticks=live_history:128 vs_static=+0.003 raw=0.042 h=0.02
      polymarket:4936101 XLE    geopolitics_energy equity_delta_bridge    preset=8    scored=True  ticks=live_history:200 vs_static=+0.028 raw=0.226 h=0.11
kalshi:KXCOLONIZEMARS-50 TSLA   unsupported        -                      preset=-    scored=False ticks=live_history:258
 kalshi:KXOAIANTH-40-OAI MSFT   company_specific   tech_reg_hedge         preset=15   scored=True  ticks=live_history:438 vs_static=-0.041 raw=0.332 h=0.20
kalshi:KXFUSION-30-JAN01 CCJ    geopolitics_energy stress_lead_hedge      preset=54   scored=True  ticks=live_history:214 vs_static=+0.010 raw=0.495 h=0.29
kalshi:KXGDPYEAR-36-T0.1 SPY    macro_fed          macro_fed_hedge        preset=1    scored=True  ticks=live_history:151 vs_static=+0.009 raw=0.362 h=0.20
kalshi:KXFEDFUNDSYEAR-37JAN01-T1.00 TLT    macro_fed          macro_fed_hedge        preset=56   scored=True  ticks=live_history:76 vs_static=+0.230 raw=0.549 h=0.23
kalshi:KXGDPYEAR-35-T0.1 SPY    macro_fed          macro_fed_hedge        preset=36   scored=True  ticks=live_history:197 vs_static=+0.076 raw=0.562 h=0.31
kalshi:KXFEDFUNDSYEAR-36JAN01-T1.00 TLT    macro_fed          macro_fed_hedge        preset=64   scored=True  ticks=live_history:162 vs_static=+0.312 raw=0.853 h=0.54
kalshi:KXEARTHQUAKECALIFORNIA-35 SPY    unsupported        -                      preset=-    scored=False ticks=live_history:280
kalshi:KXGDPYEAR-34-T0.1 SPY    macro_fed          stress_lead_hedge      preset=0    scored=True  ticks=live_history:233 vs_static=+0.000 raw=0.627 h=0.39
kalshi:KXFEDFUNDSYEAR-35JAN01-T1.00 TLT    macro_fed          macro_fed_hedge        preset=65   scored=True  ticks=live_history:99 vs_static=+0.293 raw=0.612 h=0.26
   kalshi:KXROBOTMARS-35 TSLA   unsupported        -                      preset=-    scored=False ticks=live_history:301
kalshi:KXFDAVERVE102-VERV-30JAN01 LLY    unsupported        -                      preset=-    scored=False ticks=live_history:308
kalshi:KXGDPYEAR-33-T0.1 SPY    macro_fed          macro_fed_hedge        preset=0    scored=True  ticks=live_history:31 vs_static=-0.014 raw=0.001 h=0.01

# summary
{
 "n": 133,
 "scored": 122,
 "fitted": 122,
 "ticks_source": {
  "live_history": 133
 },
 "fell_back_to_replay": [],
 "no_history": [],
 "timed_out": [],
 "families": {
  "equity_delta_bridge": 62,
  "crypto_reg_hedge": 22,
  "tech_reg_hedge": 18,
  "-": 11,
  "macro_fed_hedge": 8,
  "election_hedge": 5,
  "stress_lead_hedge": 4,
  "fig_stress": 2,
  "energy_geo_hedge": 1
 },
 "event_classes": {
  "crypto": 47,
  "geopolitics_energy": 24,
  "macro_fed": 14,
  "tech_regulation": 12,
  "company_specific": 12,
  "elections": 11,
  "unsupported": 11,
  "corporate_8k": 1,
  "tariffs_trade": 1
 },
 "score_vs_static": {
  "n": 122,
  "gt0": 86,
  "le0": 36,
  "median": 0.0053,
  "max": 0.508,
  "min": -0.0596
 },
 "no_static_benchmark": []
}
